// Jest Snapshot v1, https://goo.gl/fbAQLP

exports[`CardRegistrationScreen matches snapshot 1`] = `
<View
  onLayout={[Function]}
  style={
    [
      {
        "backgroundColor": "#142995",
        "flexBasis": 0,
        "flexGrow": 1,
        "flexShrink": 1,
      },
      {
        "paddingBottom": 0,
      },
    ]
  }
>
  <RCTScrollView
    contentContainerStyle={
      {
        "flexGrow": 1,
      }
    }
    keyboardShouldPersistTaps="handled"
    style={
      {
        "flexBasis": 0,
        "flexGrow": 1,
        "flexShrink": 1,
      }
    }
  >
    <View>
      <RNCSafeAreaView
        edges={
          {
            "bottom": "additive",
            "left": "additive",
            "right": "additive",
            "top": "additive",
          }
        }
        style={
          {
            "alignItems": "center",
            "backgroundColor": "#142995",
            "flexBasis": 0,
            "flexGrow": 1,
            "flexShrink": 1,
            "justifyContent": "center",
            "paddingBottom": 10,
            "paddingLeft": 30,
            "paddingRight": 30,
            "paddingTop": 10,
          }
        }
      >
        <View
          style={
            {
              "backgroundColor": "#EEEEEE",
              "borderBottomLeftRadius": 50,
              "borderBottomRightRadius": 50,
              "height": 230,
              "opacity": 0.2,
              "position": "absolute",
              "right": 120,
              "top": -70,
              "transform": [
                {
                  "rotate": "-39.93deg",
                },
              ],
              "width": 370,
            }
          }
          top={true}
        />
        <View
          style={
            {
              "backgroundColor": "#EEEEEE",
              "borderBottomLeftRadius": 50,
              "borderBottomRightRadius": 50,
              "bottom": -70,
              "height": 230,
              "left": 120,
              "opacity": 0.2,
              "position": "absolute",
              "transform": [
                {
                  "rotate": "139deg",
                },
              ],
              "width": 370,
            }
          }
        />
        <Text
          style={
            {
              "color": "#FFF",
              "fontFamily": "PTSans-Caption",
              "fontSize": 28,
              "lineHeight": 52,
            }
          }
        >
          Wallet Test
        </Text>
        <View
          style={
            {
              "marginBottom": 16,
              "marginLeft": 10,
              "marginRight": 10,
              "marginTop": 16,
              "width": "100%",
            }
          }
        >
          <Text
            style={
              {
                "color": "#FFFFFF",
                "fontFamily": "PTSans-Regular",
                "fontSize": 14,
                "marginBottom": 6,
              }
            }
          >
            card number
          </Text>
          <TextInput
            accessibilityLabel="card number"
            autoComplete="off"
            autoCorrect={false}
            isDirty={false}
            keyboardType="numeric"
            onBlur={[Function]}
            onChangeText={[Function]}
            onSelectionChange={[Function]}
            placeholder=""
            style={
              {
                "backgroundColor": "#EEEEEE",
                "borderBottomColor": "transparent",
                "borderBottomLeftRadius": 6,
                "borderBottomRightRadius": 6,
                "borderColor": "transparent",
                "borderLeftColor": "transparent",
                "borderRightColor": "transparent",
                "borderStyle": "solid",
                "borderTopColor": "transparent",
                "borderTopLeftRadius": 6,
                "borderTopRightRadius": 6,
                "borderWidth": 2,
                "color": "#111",
                "fontFamily": "PTSans-Regular",
                "fontSize": 16,
                "height": 45,
                "marginTop": 4,
                "overflow": "hidden",
                "paddingBottom": 0,
                "paddingLeft": 16,
                "paddingRight": 16,
                "paddingTop": 0,
                "width": "100%",
              }
            }
            value=""
          />
        </View>
        <View
          style={
            {
              "marginBottom": 16,
              "marginLeft": 10,
              "marginRight": 10,
              "marginTop": 16,
              "width": "100%",
            }
          }
        >
          <Text
            style={
              {
                "color": "#FFFFFF",
                "fontFamily": "PTSans-Regular",
                "fontSize": 14,
                "marginBottom": 6,
              }
            }
          >
            card holder name
          </Text>
          <TextInput
            accessibilityLabel="card holder name"
            autoCapitalize="words"
            autoComplete="off"
            autoCorrect={false}
            isDirty={false}
            keyboardType="default"
            onBlur={[Function]}
            onChangeText={[Function]}
            onSelectionChange={[Function]}
            style={
              {
                "backgroundColor": "#EEEEEE",
                "borderBottomColor": "transparent",
                "borderBottomLeftRadius": 6,
                "borderBottomRightRadius": 6,
                "borderColor": "transparent",
                "borderLeftColor": "transparent",
                "borderRightColor": "transparent",
                "borderStyle": "solid",
                "borderTopColor": "transparent",
                "borderTopLeftRadius": 6,
                "borderTopRightRadius": 6,
                "borderWidth": 2,
                "color": "#111",
                "fontFamily": "PTSans-Regular",
                "fontSize": 16,
                "height": 45,
                "marginTop": 4,
                "overflow": "hidden",
                "paddingBottom": 0,
                "paddingLeft": 16,
                "paddingRight": 16,
                "paddingTop": 0,
                "width": "100%",
              }
            }
            value=""
          />
        </View>
        <View
          style={
            {
              "flexDirection": "row",
              "justifyContent": "space-between",
            }
          }
        >
          <View
            style={
              {
                "marginBottom": 16,
                "marginLeft": 10,
                "marginRight": 10,
                "marginTop": 16,
                "width": "48%",
              }
            }
            width={48}
          >
            <Text
              style={
                {
                  "color": "#FFFFFF",
                  "fontFamily": "PTSans-Regular",
                  "fontSize": 14,
                  "marginBottom": 6,
                }
              }
            >
              expiration date
            </Text>
            <TextInput
              accessibilityLabel="expiration date"
              autoComplete="off"
              autoCorrect={false}
              isDirty={false}
              keyboardType="numeric"
              onBlur={[Function]}
              onChangeText={[Function]}
              onSelectionChange={[Function]}
              placeholder="00/00"
              style={
                {
                  "backgroundColor": "#EEEEEE",
                  "borderBottomColor": "transparent",
                  "borderBottomLeftRadius": 6,
                  "borderBottomRightRadius": 6,
                  "borderColor": "transparent",
                  "borderLeftColor": "transparent",
                  "borderRightColor": "transparent",
                  "borderStyle": "solid",
                  "borderTopColor": "transparent",
                  "borderTopLeftRadius": 6,
                  "borderTopRightRadius": 6,
                  "borderWidth": 2,
                  "color": "#111",
                  "fontFamily": "PTSans-Regular",
                  "fontSize": 16,
                  "height": 45,
                  "marginTop": 4,
                  "overflow": "hidden",
                  "paddingBottom": 0,
                  "paddingLeft": 16,
                  "paddingRight": 16,
                  "paddingTop": 0,
                  "width": "100%",
                }
              }
              value=""
            />
          </View>
          <View
            style={
              {
                "marginBottom": 16,
                "marginLeft": 10,
                "marginRight": 10,
                "marginTop": 16,
                "width": "48%",
              }
            }
            width={48}
          >
            <Text
              style={
                {
                  "color": "#FFFFFF",
                  "fontFamily": "PTSans-Regular",
                  "fontSize": 14,
                  "marginBottom": 6,
                }
              }
            >
              cvv
            </Text>
            <TextInput
              accessibilityLabel="cvv"
              autoComplete="off"
              autoCorrect={false}
              isDirty={false}
              keyboardType="numeric"
              onBlur={[Function]}
              onChangeText={[Function]}
              onSelectionChange={[Function]}
              placeholder="***"
              style={
                {
                  "backgroundColor": "#EEEEEE",
                  "borderBottomColor": "transparent",
                  "borderBottomLeftRadius": 6,
                  "borderBottomRightRadius": 6,
                  "borderColor": "transparent",
                  "borderLeftColor": "transparent",
                  "borderRightColor": "transparent",
                  "borderStyle": "solid",
                  "borderTopColor": "transparent",
                  "borderTopLeftRadius": 6,
                  "borderTopRightRadius": 6,
                  "borderWidth": 2,
                  "color": "#111",
                  "fontFamily": "PTSans-Regular",
                  "fontSize": 16,
                  "height": 45,
                  "marginTop": 4,
                  "overflow": "hidden",
                  "paddingBottom": 0,
                  "paddingLeft": 16,
                  "paddingRight": 16,
                  "paddingTop": 0,
                  "width": "100%",
                }
              }
              value=""
            />
          </View>
        </View>
        <View
          accessibilityLabel="advance"
          accessibilityState={
            {
              "busy": undefined,
              "checked": undefined,
              "disabled": true,
              "expanded": undefined,
              "selected": undefined,
            }
          }
          accessibilityValue={
            {
              "max": undefined,
              "min": undefined,
              "now": undefined,
              "text": undefined,
            }
          }
          accessible={true}
          collapsable={false}
          focusable={true}
          onClick={[Function]}
          onResponderGrant={[Function]}
          onResponderMove={[Function]}
          onResponderRelease={[Function]}
          onResponderTerminate={[Function]}
          onResponderTerminationRequest={[Function]}
          onStartShouldSetResponder={[Function]}
          style={
            {
              "alignItems": "center",
              "alignSelf": "stretch",
              "backgroundColor": "#EEEEEE",
              "borderBottomLeftRadius": 12,
              "borderBottomRightRadius": 12,
              "borderTopLeftRadius": 12,
              "borderTopRightRadius": 12,
              "justifyContent": "center",
              "marginBottom": 10,
              "marginLeft": 0,
              "marginRight": 0,
              "marginTop": 10,
              "maxHeight": 56,
              "minHeight": 56,
              "opacity": 1,
              "paddingBottom": 10,
              "paddingLeft": 20,
              "paddingRight": 20,
              "paddingTop": 10,
            }
          }
          testID="multipurpose-button"
        >
          <Text
            style={
              {
                "color": "#BBBBBB",
                "fontFamily": "PTSans-Regular",
                "fontSize": 18,
              }
            }
            type="disabled"
          >
            advance
          </Text>
        </View>
      </RNCSafeAreaView>
    </View>
  </RCTScrollView>
</View>
`;
